// Jest Snapshot v1, https://goo.gl/fbAQLP

exports[`should render ExpensesSummary correctly with 1 expense 1`] = `
<div
  className="page-header"
>
  <div
    className="content-container"
  >
    <h1
      className="page-header__title"
    >
      Viewing
      <span>
         
        1
      </span>
       
      expense
       Totalling
      <span>
         
        $2.34
      </span>
    </h1>
    <div
      className="page-header__actions"
    >
      <Link
        className="button"
        to="/create"
      >
        Add Expense
      </Link>
    </div>
  </div>
</div>
`;

exports[`should render ExpensesSummary correctly with multiple expense 1`] = `
<div
  className="page-header"
>
  <div
    className="content-container"
  >
    <h1
      className="page-header__title"
    >
      Viewing
      <span>
         
        23
      </span>
       
      expenses
       Totalling
      <span>
         
        $231,423,542.33
      </span>
    </h1>
    <div
      className="page-header__actions"
    >
      <Link
        className="button"
        to="/create"
      >
        Add Expense
      </Link>
    </div>
  </div>
</div>
`;
